
<!DOCTYPE html>
<html>
<head>
	<title>Autolavado Motor Sport</title>
	<meta charset="utf-8">
	<meta name="viewport" content="width=device-width">
	<meta name="description" content="Diseño y Desarrollo Wep">
	<meta name="keywords" content="diseño web, desarrollo web, seo, posicionamineto web">
	<meta name="author" content="Render2Web">
	<link rel="stylesheet" type="text/css" href="Tapiceria.css">
</head>
<body>
    <header>
       <div class="contenedor">
       	   <div id="marca">
       	   	<h1><span class="resaltado">Autolavado</span> Motor Sport</h1>
       	   </div>
       	     <nav>
       	    	<ul>
       	   		<li class="actal"><a href="index.html">Inicio</li>
       	   		<li><a href="../Faros.html">Faros</li>
              <li><a href="../Tapas/Tapas.html">Tapas y Rines</li>
              <li><a href="../Tapiceria/Tapiceria.html">Tapiceria</li>
       	    	</ul></a>



       	   </nav>
       </div>
    </header>
      
           <br>
           <img src="img/tapiceria1.jpg" width="700" align="center"></article></div></section></li></a>     
           <aside id="lateral">
             <div class="oscuro">
                <h1 style="arial" align="center">Tapiceria</h1>
                <h2>La tapicería de los asientos de tu coche puede sufrir mucho con el uso: la presencia de niños, mascotas o simplemente descuidos, pueden acabar en manchas más o menos llamativas en su superficie</h2>
             
             
           </aside>
         </div>

         <aside id="lateral2">
             <div class="oscuro">
                <h1 style="arial">Tapiceria de Cuero</h1>
                <p>Caracteristicas</p>
                <p>El cuero se trata de una de las tapicerías más utilizadas entre los coches de lujo. Se emplea para recubrir los asientos del coche y otras partes como las puertas, el salpicadero o las empuñaduras de las manivelas.</p>
                <p>Perdurabilidad: El cuero es el material que más dura de entre todas las opciones para tapizar el coche. Soporta temperaturas altas y bajas, manchas de un gran número de sustancias y productos, y el desgaste ocasionado por el tiempo.</p>
                <p>Limpieza: El cuero es un material muy sencillo de limpiar, pero necesita cuidados especiales para mantenerlo en perfecto estado. Para el mantenimiento de la tapicería de cuero es recomendable adquirir ciertos materiales específicos para su cuidado y acondicionamiento</p>
<p>Coste: Respecto al precio, la tapicería de cuero es la más cara ya que está considerada un artículo de lujo</p>
                 <button class="boton1">Añadir a la lista de deceos</button>
               <button class="boton1">Precio:$2,000</button>
         
               
         
             
           </aside>
           <br> 

           <div  class=" cuadro" align=" right"  >  
            <center>
            <img src="img/cuero.jpg" width="440" >
          </center>
 
</div>
<br> 
<br>
<br> 
   
              <aside id="lateral2">
             <div class="oscuro">
                <h1 style="arial">Tapiceria de Tela</h1>
                <p> Caracteristicas</p>
                <p>El paño de tela es un tipo de tapicería muy recomendado para coches familiares. Por esto, es una de las tapicerías de coche más utilizada para los vehículos estándar y suele ser una característica de serie.</p>
                <p>Perdurabilidad: La tela también es un material que perdura bastante en el tiempo, sin embargo es más susceptible de desteñirse, desgastarse o mancharse. Es un material más delicado que el cuero.</p>
                <p>Perdurabilidad: La tela también es un material que perdura bastante en el tiempo, sin embargo es más susceptible de desteñirse, desgastarse o mancharse. Es un material más delicado que el cuero.</p>
                <p>Coste: es la opción más barata ya que habitualmente viene de serie con el vehículo, aunque este material ofrece muchas opciones de personalización en diseño y color.</p>
                 <button class="boton1">Añadir a la lista de deceos</button>
               <button class="boton1">Precio:$1,500</button>
         
               
         
             
           </aside>

           <div  class=" cuadro" align=" right"  >  
            <center>
            <img src="img/tela1.jpg" width="440" >
          </center>
 
</div> 
<br>
<br>
<br>
<br>

                     <aside id="lateral2">
             <div class="oscuro">
                <h1 style="arial">Tapiceria de Vinilo</h1>
                <p>Caracteristicas</p>
                <p>El vinilo es el material intermedio entre el cuero y la tela empleado principalmente en vehículos de gama media </p>
                <p>Limpieza: el vinilo es un tejido muy sencillo de limpiar. Al igual que con la tela, es recompensable aspirar la superficie para eliminar la suciedad más gruesa. Después podemos acabar el acondicionamiento pasando un paño húmedo por el asiento y el resto de partes tapizadas para eliminar manchas que siempre serán superficiales debido al tipo de tejido. </p>
                <p>Coste: es más barato que la tapicería de cuero y un poco más caro que el paño de tela. De todas formas en su precio influyen mucho las diferentes características personalizadas que incluyamos. </p>

                 <button class="boton1">Añadir a la lista de deceos</button>
               <button class="boton1">Precio:$1,000</button>
              
               
         
             
           </aside>

           <div  class=" cuadro" align=" right"  >  
            <center>
            <img src="img/vinilo.jpg" width="650" >
          </center>
 
</div>
    

</body>
</html>




















